Package                   Version
------------------------- ---------
annotated-types           0.8.0
anyio                     4.14.2
attrs                     26.1.0
certifi                   2026.7.22
h11                       0.16.0
httpcore                  1.0.9
httpx                     0.28.1
idna                      3.19
jsonschema                4.26.0
jsonschema-specifications 2025.9.1
pip                       24.0
psutil                    7.2.2
pydantic                  2.13.4
pydantic_core             2.46.4
python-dotenv             1.2.3
PyYAML                    6.0.3
referencing               0.37.0
rpds-py                   2026.6.3
home = /usr/bin
include-system-site-packages = false
version = 3.12.3
executable = /usr/bin/python3.12
command = /usr/bin/python3 -m venv /root/.looper-worker/venv
