always [madvise] never
authorized-state-evidence.json
authorized-state-evidence-v2.json
calibration-batch.json
calibration-never-batch.json
interference-postflight.json
interference-preflight.json
latest-batch.json
leases
memory-20260823T145300.384905Z-1.stderr.log
memory-20260823T145300.384905Z-1.txt
memory-20260823T145300.384905Z-2.stderr.log
memory-20260823T145300.384905Z-2.txt
memory-20260823T145300.384905Z-3.stderr.log
memory-20260823T145300.384905Z-3.txt
memory-20260823T145300.384905Z-4.stderr.log
memory-20260823T145300.384905Z-4.txt
memory-20260823T145300.384905Z-5.stderr.log
memory-20260823T145300.384905Z-5.txt
memory-20260823T145300.384905Z-6.stderr.log
memory-20260823T145300.384905Z-6.txt
