-----------------------------------------------------------
Server listening on 5203 (test #1)
-----------------------------------------------------------
Accepted connection from 127.0.0.1, port 43928
[  5] local 127.0.0.1 port 5203 connected to 127.0.0.1 port 43942
[  8] local 127.0.0.1 port 5203 connected to 127.0.0.1 port 43954
[ ID] Interval           Transfer     Bitrate
[  5]   0.00-1.00   sec  6.57 GBytes  56.4 Gbits/sec                  (omitted)
[  8]   0.00-1.00   sec  7.41 GBytes  63.5 Gbits/sec                  (omitted)
[SUM]   0.00-1.00   sec  14.0 GBytes   120 Gbits/sec                  (omitted)
- - - - - - - - - - - - - - - - - - - - - - - - -
[  5]   0.00-1.00   sec  6.25 GBytes  53.6 Gbits/sec                  
[  8]   0.00-1.00   sec  6.57 GBytes  56.4 Gbits/sec                  
[SUM]   0.00-1.00   sec  12.8 GBytes   110 Gbits/sec                  
- - - - - - - - - - - - - - - - - - - - - - - - -
[  5]   1.00-2.00   sec  6.37 GBytes  54.7 Gbits/sec                  
[  8]   1.00-2.00   sec  6.94 GBytes  59.6 Gbits/sec                  
[SUM]   1.00-2.00   sec  13.3 GBytes   114 Gbits/sec                  
- - - - - - - - - - - - - - - - - - - - - - - - -
[  5]   2.00-3.00   sec  6.87 GBytes  59.1 Gbits/sec                  
[  8]   2.00-3.00   sec  7.27 GBytes  62.5 Gbits/sec                  
[SUM]   2.00-3.00   sec  14.1 GBytes   122 Gbits/sec                  
- - - - - - - - - - - - - - - - - - - - - - - - -
[ ID] Interval           Transfer     Bitrate
[  5]   0.00-3.00   sec  19.5 GBytes  55.8 Gbits/sec                  receiver
[  8]   0.00-3.00   sec  20.8 GBytes  59.5 Gbits/sec                  receiver
[SUM]   0.00-3.00   sec  40.3 GBytes   115 Gbits/sec                  receiver
