-----------------------------------------------------------
Server listening on 5203 (test #1)
-----------------------------------------------------------
Accepted connection from 127.0.0.1, port 51130
[  5] local 127.0.0.1 port 5203 connected to 127.0.0.1 port 51134
[  8] local 127.0.0.1 port 5203 connected to 127.0.0.1 port 51142
[ ID] Interval           Transfer     Bitrate
[  5]   0.00-1.00   sec  6.30 GBytes  54.1 Gbits/sec                  (omitted)
[  8]   0.00-1.00   sec  6.23 GBytes  53.5 Gbits/sec                  (omitted)
[SUM]   0.00-1.00   sec  12.5 GBytes   108 Gbits/sec                  (omitted)
- - - - - - - - - - - - - - - - - - - - - - - - -
[  5]   0.00-1.00   sec  6.52 GBytes  55.9 Gbits/sec                  
[  8]   0.00-1.00   sec  6.79 GBytes  58.3 Gbits/sec                  
[SUM]   0.00-1.00   sec  13.3 GBytes   114 Gbits/sec                  
- - - - - - - - - - - - - - - - - - - - - - - - -
[  5]   1.00-2.00   sec  5.81 GBytes  49.9 Gbits/sec                  
[  8]   1.00-2.00   sec  6.48 GBytes  55.7 Gbits/sec                  
[SUM]   1.00-2.00   sec  12.3 GBytes   106 Gbits/sec                  
- - - - - - - - - - - - - - - - - - - - - - - - -
[  5]   2.00-3.00   sec  5.89 GBytes  50.6 Gbits/sec                  
[  8]   2.00-3.00   sec  6.54 GBytes  56.2 Gbits/sec                  
[SUM]   2.00-3.00   sec  12.4 GBytes   107 Gbits/sec                  
- - - - - - - - - - - - - - - - - - - - - - - - -
[ ID] Interval           Transfer     Bitrate
[  5]   0.00-3.00   sec  18.2 GBytes  52.1 Gbits/sec                  receiver
[  8]   0.00-3.00   sec  19.8 GBytes  56.7 Gbits/sec                  receiver
[SUM]   0.00-3.00   sec  38.0 GBytes   109 Gbits/sec                  receiver
