-----------------------------------------------------------
Server listening on 5203 (test #1)
-----------------------------------------------------------
Accepted connection from 127.0.0.1, port 59522
[  5] local 127.0.0.1 port 5203 connected to 127.0.0.1 port 59532
[  8] local 127.0.0.1 port 5203 connected to 127.0.0.1 port 59548
[ ID] Interval           Transfer     Bitrate
[  5]   0.00-1.00   sec  6.33 GBytes  54.3 Gbits/sec                  (omitted)
[  8]   0.00-1.00   sec  7.10 GBytes  61.0 Gbits/sec                  (omitted)
[SUM]   0.00-1.00   sec  13.4 GBytes   115 Gbits/sec                  (omitted)
- - - - - - - - - - - - - - - - - - - - - - - - -
[  5]   0.00-1.00   sec  6.35 GBytes  54.5 Gbits/sec                  
[  8]   0.00-1.00   sec  7.15 GBytes  61.4 Gbits/sec                  
[SUM]   0.00-1.00   sec  13.5 GBytes   116 Gbits/sec                  
- - - - - - - - - - - - - - - - - - - - - - - - -
[  5]   1.00-2.00   sec  7.03 GBytes  60.4 Gbits/sec                  
[  8]   1.00-2.00   sec  6.72 GBytes  57.7 Gbits/sec                  
[SUM]   1.00-2.00   sec  13.7 GBytes   118 Gbits/sec                  
- - - - - - - - - - - - - - - - - - - - - - - - -
[  5]   2.00-3.00   sec  6.59 GBytes  56.6 Gbits/sec                  
[  8]   2.00-3.00   sec  6.08 GBytes  52.3 Gbits/sec                  
[SUM]   2.00-3.00   sec  12.7 GBytes   109 Gbits/sec                  
- - - - - - - - - - - - - - - - - - - - - - - - -
[ ID] Interval           Transfer     Bitrate
[  5]   0.00-3.00   sec  20.0 GBytes  57.2 Gbits/sec                  receiver
[  8]   0.00-3.00   sec  20.0 GBytes  57.1 Gbits/sec                  receiver
[SUM]   0.00-3.00   sec  39.9 GBytes   114 Gbits/sec                  receiver
