-----------------------------------------------------------
Server listening on 5202 (test #1)
-----------------------------------------------------------
Accepted connection from 127.0.0.1, port 51012
[  6] local 127.0.0.1 port 5202 connected to 127.0.0.1 port 51026
[ ID] Interval           Transfer     Bitrate
[  6]   0.00-1.00   sec  7.36 GBytes  63.2 Gbits/sec                  
[  6]   1.00-2.00   sec  7.21 GBytes  61.9 Gbits/sec                  
[  6]   2.00-3.00   sec  7.03 GBytes  60.4 Gbits/sec                  
[  6]   3.00-4.00   sec  7.13 GBytes  61.3 Gbits/sec                  
[  6]   4.00-5.00   sec  7.22 GBytes  62.0 Gbits/sec                  
[  6]   5.00-6.00   sec  7.18 GBytes  61.7 Gbits/sec                  
[  6]   6.00-7.00   sec  7.29 GBytes  62.5 Gbits/sec                  
[  6]   7.00-8.00   sec  7.27 GBytes  62.5 Gbits/sec                  
[  6]   8.00-9.00   sec  7.23 GBytes  62.1 Gbits/sec                  
[  6]   9.00-10.00  sec  7.17 GBytes  61.6 Gbits/sec                  
[  6]  10.00-10.00  sec  6.50 MBytes  56.3 Gbits/sec                  
- - - - - - - - - - - - - - - - - - - - - - - - -
[ ID] Interval           Transfer     Bitrate
[  6]   0.00-10.00  sec  72.1 GBytes  61.9 Gbits/sec                  receiver
